// Jest Snapshot v1, https://goo.gl/fbAQLP

exports[`should match the snapshot 1`] = `
<div
  className="form_container"
>
  <span
    className="form_container_header"
  >
    Login Fom
  </span>
  <form
    className="form-login"
    onSubmit={[Function]}
  >
    <input
      className="nameInput"
      name="name"
      onChange={[Function]}
      placeholder="Type your name..."
      type="text"
    />
    <input
      className="emailInput"
      name="email"
      onChange={[Function]}
      placeholder="Type your email..."
      type="email"
    />
    <button
      type="submit"
    >
      Login
    </button>
  </form>
</div>
`;
